*******  ------------------------------------------------------  *******
*******     GAJOE - version 2.1 - (r14885)                       *******
*******     Copyright (c) ATSAS Team                             *******
*******     EMBL, Hamburg Outstation, 2007 - 2015                *******
*******                                                          *******
*******     For doubts/questions please visit SAXIER forum:      *******
*******     http://www.saxier.org/forum/viewforum.php?f=10       *******
*******                                                          *******
*******     In case of bugs please refer to:                     *******
*******     G. Tria, D.I. Svergun, EMBL BioSAXS group            *******
*******     atsas@embl-hamburg.de                                *******
*******  ------------------------------------------------------  *******

 Experimental data file name ............................ : AA_fullq.dat
 -------------------------------------------
 -- Pool(s)
 Intensities file name .................................. : ranch_int.csv
 SIZE_list file name .................................... : ranch_size.csv
 ---
 -------------------------------------------
 -- Standard Mode
 Maximum number of curves per ensemble (min. 1, max. 50)  : 50
 Minimum number of curves per ensemble (min. 1) ......... : 50
 Constant subtraction allowed? .......................... : N
 Curve repetition in the ensemble allowed? .............. : N
 Number of cycles of the genetic algorithm to run (min. 1): 100
 -------------------------------------------
 -- Number of theoretical curves :        10000
 -------------------------------------------
 Start:  Thu Sep 24 22:02:05 2026
 End:    Thu Sep 24 22:09:42 2026
 -------------------------------------------
 -- Chi^2 :  1.334
 -------------------------------------------
 -- Rflex (random) / Rsigma: ~ 80.85% (~ 81.02%) / 0.98
 -------------------------------------------
 -- Constant subtracted :  0.000
 -------------------------------------------
 -- Files created:
 Fit to the experimental data (in 1/angstrom) ........... : profiles_001_1.fit
 Radius of gyration distribution (in angstrom) .......... : Rg_distr_001_1.txt
 Max Dimensions distribution (in angstrom) .............. : Size_distr_001_1.txt
 Ca(N)-Ca(C) distances distribution (in angstrom) ....... : CaCa_distr_001_1.txt
 Volume distribution (in angstrom) ...................... : Volume_distr_001_1.txt
 -------------------------------------------
 -- PDB models in the folder "GA001/curve_1/pdb":
  #  Filename                 Rg       Dmax     Fraction        

  1) ranch00196.cif         37.30     116.10    ~0.02 ( 1/50)
  2) ranch00324.cif         22.00      63.00    ~0.02 ( 1/50)
  3) ranch00568.cif         31.60      97.00    ~0.02 ( 1/50)
  4) ranch01050.cif         34.90     111.20    ~0.02 ( 1/50)
  5) ranch01129.cif         36.70      99.30    ~0.02 ( 1/50)
  6) ranch01149.cif         34.00     113.90    ~0.02 ( 1/50)
  7) ranch01284.cif         33.80     109.70    ~0.02 ( 1/50)
  8) ranch01635.cif         46.00     143.40    ~0.02 ( 1/50)
  9) ranch02009.cif         41.70     125.20    ~0.02 ( 1/50)
 10) ranch02227.cif         29.30      98.60    ~0.02 ( 1/50)
 11) ranch02243.cif         32.80      97.60    ~0.02 ( 1/50)
 12) ranch02369.cif         40.00     126.40    ~0.02 ( 1/50)
 13) ranch02585.cif         27.10      73.40    ~0.02 ( 1/50)
 14) ranch02661.cif         24.50      78.00    ~0.02 ( 1/50)
 15) ranch02824.cif         27.60      89.90    ~0.02 ( 1/50)
 16) ranch02845.cif         34.70     115.40    ~0.02 ( 1/50)
 17) ranch02979.cif         31.00      96.10    ~0.02 ( 1/50)
 18) ranch03188.cif         35.90     113.80    ~0.02 ( 1/50)
 19) ranch03565.cif         31.40      89.10    ~0.02 ( 1/50)
 20) ranch03693.cif         30.80      84.30    ~0.02 ( 1/50)
 21) ranch04062.cif         32.30      92.40    ~0.02 ( 1/50)
 22) ranch04538.cif         34.20     124.40    ~0.02 ( 1/50)
 23) ranch04739.cif         29.00      86.60    ~0.02 ( 1/50)
 24) ranch04797.cif         30.70     108.40    ~0.02 ( 1/50)
 25) ranch04922.cif         30.70      88.20    ~0.02 ( 1/50)
 26) ranch05593.cif         40.70     125.40    ~0.02 ( 1/50)
 27) ranch05611.cif         32.60      97.60    ~0.02 ( 1/50)
 28) ranch05823.cif         48.90     136.60    ~0.02 ( 1/50)
 29) ranch05833.cif         36.10     124.60    ~0.02 ( 1/50)
 30) ranch05962.cif         26.20      78.30    ~0.02 ( 1/50)
 31) ranch05986.cif         32.70     108.50    ~0.02 ( 1/50)
 32) ranch06177.cif         24.60      77.50    ~0.02 ( 1/50)
 33) ranch06240.cif         26.40      76.30    ~0.02 ( 1/50)
 34) ranch06269.cif         22.80      86.80    ~0.02 ( 1/50)
 35) ranch06406.cif         35.40     120.70    ~0.02 ( 1/50)
 36) ranch06590.cif         33.80      92.40    ~0.02 ( 1/50)
 37) ranch06824.cif         26.10      92.10    ~0.02 ( 1/50)
 38) ranch06899.cif         39.10     123.40    ~0.02 ( 1/50)
 39) ranch07176.cif         28.50      79.20    ~0.02 ( 1/50)
 40) ranch07194.cif         26.60      80.90    ~0.02 ( 1/50)
 41) ranch07473.cif         26.00      86.40    ~0.02 ( 1/50)
 42) ranch07534.cif         29.20      90.20    ~0.02 ( 1/50)
 43) ranch08306.cif         30.10      92.80    ~0.02 ( 1/50)
 44) ranch08621.cif         28.10     107.60    ~0.02 ( 1/50)
 45) ranch08826.cif         36.30     114.20    ~0.02 ( 1/50)
 46) ranch08903.cif         24.20     101.50    ~0.02 ( 1/50)
 47) ranch08958.cif         37.90     111.70    ~0.02 ( 1/50)
 48) ranch09116.cif         36.70     126.70    ~0.02 ( 1/50)
 49) ranch09181.cif         29.90      90.60    ~0.02 ( 1/50)
 50) ranch09882.cif         19.00      48.10    ~0.02 ( 1/50)

 Final ensemble :           31.96     100.23
